PASS device-dark  index.html                       body rgb(250, 249, 246) avg-pixel 227
PASS device-dark  product.html                     body rgb(250, 249, 246) avg-pixel -
PASS device-dark  ask-tegh.html                    body rgb(250, 249, 246) avg-pixel -
PASS device-dark  solutions.html                   body rgb(250, 249, 246) avg-pixel -
PASS device-dark  subscriptions.html               body rgb(250, 249, 246) avg-pixel -
PASS device-dark  resources.html                   body rgb(251, 250, 247) avg-pixel -
PASS device-dark  company.html                     body rgb(250, 249, 246) avg-pixel -
PASS device-dark  security.html                    body rgb(250, 249, 246) avg-pixel -
PASS device-dark  contact.html                     body rgb(250, 249, 246) avg-pixel -
PASS device-dark  migration.html                   body rgb(250, 249, 246) avg-pixel -
PASS device-dark  privacy.html                     body rgb(250, 249, 246) avg-pixel -
PASS device-dark  terms.html                       body rgb(250, 249, 246) avg-pixel -
PASS device-dark  404.html                         body rgb(250, 249, 246) avg-pixel -
PASS device-dark  guides/ar-aging.html             body rgb(251, 250, 247) avg-pixel -
PASS device-dark  guides/balance-sheet.html        body rgb(251, 250, 247) avg-pixel -
PASS device-dark  guides/bank-reconciliation.html  body rgb(251, 250, 247) avg-pixel -
PASS device-dark  guides/cash-vs-accrual.html      body rgb(251, 250, 247) avg-pixel -
INFO device-dark  app.html                         body rgb(9, 20, 17) avg-pixel -
PASS forced-dark  index.html                       body rgb(250, 249, 246) avg-pixel 227
PASS forced-dark  product.html                     body rgb(250, 249, 246) avg-pixel 233
PASS forced-dark  ask-tegh.html                    body rgb(250, 249, 246) avg-pixel 233
PASS forced-dark  solutions.html                   body rgb(250, 249, 246) avg-pixel 228
PASS forced-dark  subscriptions.html               body rgb(250, 249, 246) avg-pixel 236
PASS forced-dark  resources.html                   body rgb(251, 250, 247) avg-pixel 236
PASS forced-dark  company.html                     body rgb(250, 249, 246) avg-pixel 228
PASS forced-dark  security.html                    body rgb(250, 249, 246) avg-pixel 232
PASS forced-dark  contact.html                     body rgb(250, 249, 246) avg-pixel 237
PASS forced-dark  migration.html                   body rgb(250, 249, 246) avg-pixel 230
PASS forced-dark  privacy.html                     body rgb(250, 249, 246) avg-pixel 235
PASS forced-dark  terms.html                       body rgb(250, 249, 246) avg-pixel 234
PASS forced-dark  404.html                         body rgb(250, 249, 246) avg-pixel 170
PASS forced-dark  guides/ar-aging.html             body rgb(251, 250, 247) avg-pixel 238
PASS forced-dark  guides/balance-sheet.html        body rgb(251, 250, 247) avg-pixel 238
PASS forced-dark  guides/bank-reconciliation.html  body rgb(251, 250, 247) avg-pixel 238
PASS forced-dark  guides/cash-vs-accrual.html      body rgb(251, 250, 247) avg-pixel 237
INFO forced-dark  app.html                         body rgb(9, 20, 17) avg-pixel 45
public pages not light: 0
ALLDONE
