=== 01-install
=== 02-setup
{
  BC: 'company_8fb87969ea6f25f62041fd99503d716a',
  QC: 'company_85feda05ea803b104656662c7cfa0486',
  ON: 'company_02ac522cbd5793770d4b76d14873bea9',
  X: 'company_2837065aa05f9c550c516bf059f44f39'
}
=== 02b-invite
=== 03-acct
expense 6000 equity 3000 bank gl 1000
=== 04-tax
INFO     CB-02      Cash basis: invoice issue posting recorded for review | {}
=== 05-fx
=== 06-sec
INFO     XS-01      XSS payload customer stored as text (rendering checked in UI run) | 201
=== 06b
=== 07-cv
=== 08-pay
INFO     PY-01      Employee with SIN fields submitted: refused or SIN discarded | 422 sin_not_accepted Tegh does not store Social Insurance Numbers (SINs). Remove the SIN and use the Employee ID instead.
INFO     PY-07      Payroll rate tables: year/version reported for owner verification | "effectiveFrom":"2026-01-01" "effectiveTo":"2026-06-30" "effectiveFrom":"2026-07-01" "effectiveTo":"2026-12-31"
=== 09-backup
=== 09b
=== 10-ops
INFO     LG-03      PHP error log: warnings recorded (see evidence) | PHP Warning:  POST Content-Length of 11534510 bytes exceeds the limit of 8388608 bytes in Unknown on line 0'
INFO     SP-02      Public contact page offers a working contact path (form posts to /api/marketing) | no mailto
=== 13-r141
=== 14-r142
=== 15-r144
=== e2e
201 company_f832bc23527427ce471ff80e70bf8f32
=== w1
=== w2
=== w3
=== w4
=== w5
=== w6
=== w7
=== w8
=== w9
